[0.017s][info][gc] Using G1
[0.017s][debug][gc] ConcGCThreads: 5 offset 42
[0.017s][debug][gc] ParallelGCThreads: 18
[0.017s][debug][gc] Initialize mark stack with 4096 chunks, maximum 536870912
[0.282s][info ][gc] GC(0) Pause Young (Normal) (G1 Evacuation Pause) 40M->36M(256M) 43.512ms
[0.332s][info ][gc] GC(1) Pause Young (Normal) (G1 Evacuation Pause) 64M->65M(256M) 21.660ms
[0.415s][info ][gc] GC(2) Pause Young (Normal) (G1 Evacuation Pause) 103M->105M(256M) 37.233ms
[0.450s][info ][gc] GC(3) Pause Young (Concurrent Start) (G1 Humongous Allocation) 117M->118M(256M) 15.611ms
[0.452s][info ][gc] GC(4) Concurrent Undo Cycle
[0.452s][info ][gc] GC(4) Concurrent Undo Cycle 0.262ms
[0.560s][info ][gc] GC(5) Pause Young (Normal) (G1 Evacuation Pause) 173M->175M(256M) 46.439ms
[0.567s][info ][gc] GC(6) Pause Young (Concurrent Start) (G1 Humongous Allocation) 175M->177M(256M) 5.859ms
[0.567s][info ][gc] GC(7) Concurrent Mark Cycle
[0.677s][debug][gc] GC(7) Reclaimed 50 empty regions
[0.677s][info ][gc] GC(7) Pause Remark 220M->170M(256M) 0.734ms
[0.709s][info ][gc] GC(7) Pause Cleanup 184M->184M(256M) 0.028ms
[0.709s][info ][gc] GC(7) Concurrent Mark Cycle 142.733ms
[0.740s][info ][gc] GC(8) Pause Young (Prepare Mixed) (G1 Evacuation Pause) 190M->185M(256M) 22.291ms
[0.796s][info ][gc] GC(9) Pause Young (Mixed) (G1 Evacuation Pause) 208M->208M(256M) 20.680ms
[0.836s][info ][gc] GC(10) Pause Young (Concurrent Start) (G1 Evacuation Pause) 222M->224M(256M) 13.139ms
[0.836s][info ][gc] GC(11) Concurrent Mark Cycle
[0.864s][info ][gc] GC(12) Pause Young (Normal) (G1 Evacuation Pause) 234M->235M(256M) 9.136ms
[0.891s][info ][gc] GC(13) Pause Young (Normal) (G1 Evacuation Pause) (Evacuation Failure: Allocation) 245M->252M(256M) 9.434ms
[0.900s][info ][gc] GC(14) Pause Young (Normal) (G1 Evacuation Pause) (Evacuation Failure: Allocation) 254M->254M(256M) 4.903ms
[0.909s][info ][gc] GC(15) Pause Young (Normal) (G1 Evacuation Pause) (Evacuation Failure: Allocation) 256M->256M(256M) 5.221ms
[0.910s][debug][gc] GC(16) Clear Bitmap 0.406ms
[0.987s][info ][gc] GC(16) Pause Full (G1 Compaction Pause) 256M->118M(256M) 78.246ms
[0.987s][info ][gc] GC(11) Concurrent Mark Cycle 151.158ms
[1.080s][info ][gc] GC(17) Pause Young (Normal) (G1 Evacuation Pause) 164M->134M(256M) 22.312ms
[1.204s][info ][gc] GC(18) Pause Young (Concurrent Start) (G1 Evacuation Pause) 179M->181M(256M) 51.259ms
[1.204s][info ][gc] GC(19) Concurrent Mark Cycle
[1.235s][debug][gc] GC(19) Reclaimed 75 empty regions
[1.235s][info ][gc] GC(19) Pause Remark 200M->126M(256M) 0.819ms
[1.260s][info ][gc] GC(20) Pause Young (Normal) (G1 Evacuation Pause) 129M->132M(256M) 19.092ms
[1.269s][info ][gc] GC(19) Pause Cleanup 137M->137M(256M) 0.023ms
[1.269s][info ][gc] GC(19) Concurrent Mark Cycle 65.431ms
[1.353s][info ][gc] GC(21) Pause Young (Prepare Mixed) (G1 Evacuation Pause) 173M->153M(256M) 21.719ms
[1.446s][info ][gc] GC(22) Pause Young (Mixed) (G1 Evacuation Pause) 187M->187M(256M) 36.480ms
[1.498s][info ][gc] GC(23) Pause Young (Concurrent Start) (G1 Evacuation Pause) 208M->209M(256M) 17.734ms
[1.498s][info ][gc] GC(24) Concurrent Mark Cycle
[1.534s][info ][gc] GC(25) Pause Young (Normal) (G1 Evacuation Pause) 223M->224M(256M) 12.877ms
[1.570s][debug][gc] GC(24) Reclaimed 83 empty regions
[1.570s][info ][gc] GC(24) Pause Remark 233M->150M(256M) 0.601ms
[1.575s][info ][gc] GC(26) Pause Young (Normal) (G1 Evacuation Pause) 150M->139M(256M) 1.314ms
[1.587s][info ][gc] GC(24) Pause Cleanup 147M->147M(256M) 0.029ms
[1.587s][info ][gc] GC(24) Concurrent Mark Cycle 89.831ms
[1.665s][info ][gc] GC(27) Pause Young (Prepare Mixed) (G1 Evacuation Pause) 176M->177M(256M) 30.465ms
[1.724s][info ][gc] GC(28) Pause Young (Mixed) (G1 Evacuation Pause) 201M->201M(256M) 19.801ms
[1.767s][info ][gc] GC(29) Pause Young (Concurrent Start) (G1 Evacuation Pause) 217M->218M(256M) 17.304ms
[1.767s][info ][gc] GC(30) Concurrent Mark Cycle
[1.795s][info ][gc] GC(31) Pause Young (Normal) (G1 Evacuation Pause) 229M->231M(256M) 9.516ms
[1.826s][info ][gc] GC(32) Pause Young (Normal) (G1 Evacuation Pause) 241M->242M(256M) 8.178ms
[1.846s][debug][gc] GC(30) Reclaimed 94 empty regions
[1.846s][info ][gc] GC(30) Pause Remark 245M->151M(256M) 0.601ms
[1.869s][info ][gc] GC(33) Pause Young (Normal) (G1 Evacuation Pause) 158M->154M(256M) 5.528ms
[1.870s][info ][gc] GC(30) Pause Cleanup 155M->155M(256M) 0.018ms
[1.871s][info ][gc] GC(30) Concurrent Mark Cycle 103.712ms
[1.941s][info ][gc] GC(34) Pause Young (Prepare Mixed) (G1 Evacuation Pause) 185M->187M(256M) 22.109ms
[1.992s][info ][gc] GC(35) Pause Young (Mixed) (G1 Evacuation Pause) 208M->207M(256M) 17.164ms
[2.029s][info ][gc] GC(36) Pause Young (Concurrent Start) (G1 Evacuation Pause) 222M->223M(256M) 12.953ms
[2.030s][info ][gc] GC(37) Concurrent Mark Cycle
[2.056s][info ][gc] GC(38) Pause Young (Normal) (G1 Evacuation Pause) 233M->234M(256M) 9.771ms
[2.081s][info ][gc] GC(39) Pause Young (Normal) (G1 Evacuation Pause) (Evacuation Failure: Allocation) 244M->249M(256M) 8.535ms
[2.096s][info ][gc] GC(40) Pause Young (Normal) (G1 Evacuation Pause) (Evacuation Failure: Allocation) 253M->255M(256M) 6.913ms
[2.097s][debug][gc] GC(41) Clear Bitmap 0.453ms
[2.183s][info ][gc] GC(41) Pause Full (G1 Compaction Pause) 255M->135M(256M) 87.029ms
[2.183s][info ][gc] GC(37) Concurrent Mark Cycle 153.544ms
[2.286s][info ][gc] GC(42) Pause Young (Normal) (G1 Evacuation Pause) 172M->170M(256M) 40.993ms
[2.349s][info ][gc] GC(43) Pause Young (Concurrent Start) (G1 Evacuation Pause) 196M->197M(256M) 21.995ms
[2.350s][info ][gc] GC(44) Concurrent Mark Cycle
[2.392s][info ][gc] GC(45) Pause Young (Normal) (G1 Evacuation Pause) 214M->216M(256M) 14.657ms
[2.404s][debug][gc] GC(44) Reclaimed 92 empty regions
[2.405s][info ][gc] GC(44) Pause Remark 223M->132M(256M) 0.650ms
[2.421s][info ][gc] GC(46) Pause Young (Normal) (G1 Evacuation Pause) 136M->138M(256M) 9.418ms
[2.431s][info ][gc] GC(44) Pause Cleanup 144M->144M(256M) 0.025ms
[2.431s][info ][gc] GC(44) Concurrent Mark Cycle 81.788ms
[2.508s][info ][gc] GC(47) Pause Young (Prepare Mixed) (G1 Evacuation Pause) 174M->160M(256M) 25.459ms
[2.596s][info ][gc] GC(48) Pause Young (Mixed) (G1 Evacuation Pause) 189M->189M(256M) 31.857ms
[2.646s][info ][gc] GC(49) Pause Young (Concurrent Start) (G1 Evacuation Pause) 209M->210M(256M) 17.021ms
[2.646s][info ][gc] GC(50) Concurrent Mark Cycle
[2.682s][info ][gc] GC(51) Pause Young (Normal) (G1 Evacuation Pause) 224M->226M(256M) 12.336ms
[2.705s][info ][gc] GC(52) Pause Young (Normal) (G1 Evacuation Pause) 235M->237M(256M) 8.472ms
[2.724s][debug][gc] GC(50) Reclaimed 91 empty regions
[2.724s][info ][gc] GC(50) Pause Remark 244M->153M(256M) 0.593ms
[2.740s][info ][gc] GC(53) Pause Young (Normal) (G1 Evacuation Pause) 156M->149M(256M) 3.413ms
[2.745s][info ][gc] GC(50) Pause Cleanup 153M->153M(256M) 0.026ms
[2.746s][info ][gc] GC(50) Concurrent Mark Cycle 99.890ms
[2.824s][info ][gc] GC(54) Pause Young (Prepare Mixed) (G1 Evacuation Pause) 182M->183M(256M) 30.766ms
[2.879s][info ][gc] GC(55) Pause Young (Mixed) (G1 Evacuation Pause) 205M->205M(256M) 20.135ms
[2.916s][info ][gc] GC(56) Pause Young (Concurrent Start) (G1 Evacuation Pause) 220M->222M(256M) 12.708ms
[2.916s][info ][gc] GC(57) Concurrent Mark Cycle
[2.942s][info ][gc] GC(58) Pause Young (Normal) (G1 Evacuation Pause) 232M->233M(256M) 9.087ms
[2.967s][info ][gc] GC(59) Pause Young (Normal) (G1 Evacuation Pause) (Evacuation Failure: Allocation) 243M->246M(256M) 8.261ms
[2.992s][info ][gc] GC(60) Pause Young (Normal) (G1 Evacuation Pause) (Evacuation Failure: Allocation) 253M->255M(256M) 9.495ms
[2.992s][debug][gc] GC(61) Clear Bitmap 0.395ms
[3.077s][info ][gc] GC(61) Pause Full (G1 Compaction Pause) 255M->138M(256M) 85.312ms
[3.077s][info ][gc] GC(57) Concurrent Mark Cycle 160.975ms
[3.168s][info ][gc] GC(62) Pause Young (Normal) (G1 Evacuation Pause) 174M->174M(256M) 31.347ms
[3.226s][info ][gc] GC(63) Pause Young (Concurrent Start) (G1 Evacuation Pause) 198M->199M(256M) 19.334ms
[3.227s][info ][gc] GC(64) Concurrent Mark Cycle
[3.267s][info ][gc] GC(65) Pause Young (Normal) (G1 Evacuation Pause) 215M->216M(256M) 13.388ms
[3.281s][debug][gc] GC(64) Reclaimed 96 empty regions
[3.281s][info ][gc] GC(64) Pause Remark 222M->128M(256M) 0.706ms
[3.299s][info ][gc] GC(66) Pause Young (Normal) (G1 Evacuation Pause) 133M->134M(256M) 9.531ms
[3.308s][info ][gc] GC(64) Pause Cleanup 139M->139M(256M) 0.025ms
[3.309s][info ][gc] GC(64) Concurrent Mark Cycle 82.053ms
[3.392s][info ][gc] GC(67) Pause Young (Prepare Mixed) (G1 Evacuation Pause) 171M->156M(256M) 27.083ms
[3.474s][info ][gc] GC(68) Pause Young (Mixed) (G1 Evacuation Pause) 187M->187M(256M) 31.965ms
[3.524s][info ][gc] GC(69) Pause Young (Concurrent Start) (G1 Evacuation Pause) 208M->209M(256M) 17.176ms
[3.524s][info ][gc] GC(70) Concurrent Mark Cycle
[3.560s][info ][gc] GC(71) Pause Young (Normal) (G1 Evacuation Pause) 223M->224M(256M) 12.293ms
[3.583s][info ][gc] GC(72) Pause Young (Normal) (G1 Evacuation Pause) 233M->235M(256M) 8.289ms
[3.603s][debug][gc] GC(70) Reclaimed 88 empty regions
[3.603s][info ][gc] GC(70) Pause Remark 239M->151M(256M) 0.614ms
[3.623s][info ][gc] GC(73) Pause Young (Normal) (G1 Evacuation Pause) 157M->153M(256M) 4.733ms
[3.625s][info ][gc] GC(70) Pause Cleanup 154M->154M(256M) 0.019ms
[3.626s][info ][gc] GC(70) Concurrent Mark Cycle 101.682ms
[3.706s][info ][gc] GC(74) Pause Young (Prepare Mixed) (G1 Evacuation Pause) 185M->186M(256M) 30.643ms
[3.757s][info ][gc] GC(75) Pause Young (Mixed) (G1 Evacuation Pause) 207M->206M(256M) 16.994ms
[3.794s][info ][gc] GC(76) Pause Young (Concurrent Start) (G1 Evacuation Pause) 221M->222M(256M) 12.895ms
[3.794s][info ][gc] GC(77) Concurrent Mark Cycle
[3.820s][info ][gc] GC(78) Pause Young (Normal) (G1 Evacuation Pause) 232M->234M(256M) 9.171ms
[3.846s][info ][gc] GC(79) Pause Young (Normal) (G1 Evacuation Pause) (Evacuation Failure: Allocation) 244M->247M(256M) 9.053ms
[3.866s][info ][gc] GC(80) Pause Young (Normal) (G1 Evacuation Pause) (Evacuation Failure: Allocation) 253M->255M(256M) 8.619ms
[3.866s][debug][gc] GC(81) Clear Bitmap 0.325ms
[3.961s][info ][gc] GC(81) Pause Full (G1 Compaction Pause) 255M->137M(256M) 95.749ms
[3.961s][info ][gc] GC(77) Concurrent Mark Cycle 167.120ms
[4.060s][info ][gc] GC(82) Pause Young (Normal) (G1 Evacuation Pause) 173M->172M(256M) 38.431ms
[4.120s][info ][gc] GC(83) Pause Young (Concurrent Start) (G1 Evacuation Pause) 197M->198M(256M) 19.899ms
[4.120s][info ][gc] GC(84) Concurrent Mark Cycle
[4.160s][info ][gc] GC(85) Pause Young (Normal) (G1 Evacuation Pause) 214M->216M(256M) 13.762ms
[4.174s][debug][gc] GC(84) Reclaimed 99 empty regions
[4.174s][info ][gc] GC(84) Pause Remark 224M->129M(256M) 0.633ms
[4.187s][info ][gc] GC(86) Pause Young (Normal) (G1 Evacuation Pause) 131M->133M(256M) 9.089ms
[4.201s][info ][gc] GC(84) Pause Cleanup 142M->142M(256M) 0.028ms
[4.202s][info ][gc] GC(84) Concurrent Mark Cycle 81.713ms
[4.274s][info ][gc] GC(87) Pause Young (Prepare Mixed) (G1 Evacuation Pause) 171M->155M(256M) 21.804ms
[4.357s][info ][gc] GC(88) Pause Young (Mixed) (G1 Evacuation Pause) 186M->186M(256M) 33.057ms
[4.409s][info ][gc] GC(89) Pause Young (Concurrent Start) (G1 Evacuation Pause) 207M->208M(256M) 17.477ms
[4.409s][info ][gc] GC(90) Concurrent Mark Cycle
[4.445s][info ][gc] GC(91) Pause Young (Normal) (G1 Evacuation Pause) 222M->224M(256M) 12.456ms
[4.469s][info ][gc] GC(92) Pause Young (Normal) (G1 Evacuation Pause) 233M->235M(256M) 8.623ms
[4.487s][debug][gc] GC(90) Reclaimed 89 empty regions
[4.487s][info ][gc] GC(90) Pause Remark 238M->149M(256M) 0.659ms
[4.511s][info ][gc] GC(93) Pause Young (Normal) (G1 Evacuation Pause) 156M->151M(256M) 5.162ms
[4.511s][info ][gc] GC(90) Pause Cleanup 152M->152M(256M) 0.020ms
[4.512s][info ][gc] GC(90) Concurrent Mark Cycle 103.023ms
[4.599s][info ][gc] GC(94) Pause Young (Prepare Mixed) (G1 Evacuation Pause) 183M->184M(256M) 36.498ms
[4.659s][info ][gc] GC(95) Pause Young (Mixed) (G1 Evacuation Pause) 206M->205M(256M) 25.516ms
[4.696s][info ][gc] GC(96) Pause Young (Concurrent Start) (G1 Evacuation Pause) 220M->221M(256M) 13.184ms
[4.696s][info ][gc] GC(97) Concurrent Mark Cycle
[4.723s][info ][gc] GC(98) Pause Young (Normal) (G1 Evacuation Pause) 231M->233M(256M) 10.220ms
[4.749s][info ][gc] GC(99) Pause Young (Normal) (G1 Evacuation Pause) (Evacuation Failure: Allocation) 243M->248M(256M) 9.030ms
[4.765s][info ][gc] GC(100) Pause Young (Normal) (G1 Evacuation Pause) (Evacuation Failure: Allocation) 253M->255M(256M) 7.423ms
[4.766s][debug][gc] GC(101) Clear Bitmap 0.370ms
[4.849s][info ][gc] GC(101) Pause Full (G1 Compaction Pause) 255M->137M(256M) 84.136ms
[4.850s][info ][gc] GC(97) Concurrent Mark Cycle 153.402ms
