[0.013s][info][gc] Using G1
[0.013s][debug][gc] ConcGCThreads: 5 offset 42
[0.013s][debug][gc] ParallelGCThreads: 18
[0.013s][debug][gc] Initialize mark stack with 4096 chunks, maximum 536870912
[0.282s][info ][gc] GC(0) Pause Young (Normal) (G1 Evacuation Pause) 40M->36M(256M) 44.341ms
[0.318s][info ][gc] GC(1) Pause Young (Normal) (G1 Evacuation Pause) 52M->54M(256M) 17.006ms
[0.419s][info ][gc] GC(2) Pause Young (Normal) (G1 Evacuation Pause) 104M->105M(256M) 49.107ms
[0.455s][info ][gc] GC(3) Pause Young (Concurrent Start) (G1 Humongous Allocation) 118M->120M(256M) 17.476ms
[0.455s][info ][gc] GC(4) Concurrent Mark Cycle
[0.507s][debug][gc] GC(4) Reclaimed 34 empty regions
[0.507s][info ][gc] GC(4) Pause Remark 166M->132M(256M) 0.633ms
[0.542s][info ][gc] GC(5) Pause Young (Normal) (G1 Evacuation Pause) 135M->136M(256M) 30.309ms
[0.573s][info ][gc] GC(4) Pause Cleanup 179M->179M(256M) 0.072ms
[0.575s][info ][gc] GC(4) Concurrent Mark Cycle 119.706ms
[0.629s][info ][gc] GC(6) Pause Young (Prepare Mixed) (G1 Evacuation Pause) 188M->183M(256M) 16.819ms
[0.688s][info ][gc] GC(7) Pause Young (Mixed) (G1 Evacuation Pause) 206M->207M(256M) 21.260ms
[0.728s][info ][gc] GC(8) Pause Young (Concurrent Start) (G1 Evacuation Pause) 222M->223M(256M) 16.839ms
[0.728s][info ][gc] GC(9) Concurrent Mark Cycle
[0.756s][info ][gc] GC(10) Pause Young (Normal) (G1 Evacuation Pause) 233M->235M(256M) 10.030ms
[0.772s][debug][gc] GC(9) Reclaimed 131 empty regions
[0.772s][info ][gc] GC(9) Pause Remark 241M->110M(256M) 0.824ms
[0.792s][info ][gc] GC(11) Pause Young (Normal) (G1 Evacuation Pause) 114M->115M(256M) 9.120ms
[0.795s][info ][gc] GC(9) Pause Cleanup 117M->117M(256M) 0.022ms
[0.796s][info ][gc] GC(9) Concurrent Mark Cycle 67.361ms
[0.880s][info ][gc] GC(12) Pause Young (Prepare Mixed) (G1 Evacuation Pause) 158M->116M(256M) 5.272ms
[1.029s][info ][gc] GC(13) Pause Young (Mixed) (G1 Evacuation Pause) 172M->171M(256M) 52.053ms
[1.106s][info ][gc] GC(14) Pause Young (Concurrent Start) (G1 Evacuation Pause) 198M->199M(256M) 31.862ms
[1.106s][info ][gc] GC(15) Concurrent Mark Cycle
[1.172s][debug][gc] GC(15) Reclaimed 63 empty regions
[1.172s][info ][gc] GC(15) Pause Remark 216M->153M(256M) 0.637ms
[1.176s][info ][gc] GC(16) Pause Young (Normal) (G1 Evacuation Pause) 153M->133M(256M) 2.592ms
[1.191s][info ][gc] GC(15) Pause Cleanup 143M->143M(256M) 0.029ms
[1.191s][info ][gc] GC(15) Concurrent Mark Cycle 84.657ms
[1.287s][info ][gc] GC(17) Pause Young (Prepare Mixed) (G1 Evacuation Pause) 174M->176M(256M) 47.777ms
[1.354s][info ][gc] GC(18) Pause Young (Mixed) (G1 Evacuation Pause) 201M->201M(256M) 24.215ms
[1.399s][info ][gc] GC(19) Pause Young (Concurrent Start) (G1 Evacuation Pause) 218M->219M(256M) 15.089ms
[1.399s][info ][gc] GC(20) Concurrent Mark Cycle
[1.427s][info ][gc] GC(21) Pause Young (Normal) (G1 Evacuation Pause) 230M->232M(256M) 10.112ms
[1.477s][debug][gc] GC(20) Reclaimed 82 empty regions
[1.477s][info ][gc] GC(20) Pause Remark 237M->155M(256M) 0.730ms
[1.488s][info ][gc] GC(22) Pause Young (Normal) (G1 Evacuation Pause) 160M->154M(256M) 4.499ms
[1.500s][info ][gc] GC(20) Pause Cleanup 161M->161M(256M) 0.027ms
[1.501s][info ][gc] GC(20) Concurrent Mark Cycle 101.576ms
[1.561s][info ][gc] GC(23) Pause Young (Prepare Mixed) (G1 Evacuation Pause) 186M->187M(256M) 24.926ms
[1.611s][info ][gc] GC(24) Pause Young (Mixed) (G1 Evacuation Pause) 208M->205M(256M) 18.344ms
[1.647s][info ][gc] GC(25) Pause Young (Concurrent Start) (G1 Evacuation Pause) 220M->221M(256M) 14.073ms
[1.647s][info ][gc] GC(26) Concurrent Mark Cycle
[1.673s][info ][gc] GC(27) Pause Young (Normal) (G1 Evacuation Pause) 231M->233M(256M) 9.546ms
[1.699s][info ][gc] GC(28) Pause Young (Normal) (G1 Evacuation Pause) (Evacuation Failure: Allocation) 243M->245M(256M) 8.931ms
[1.739s][debug][gc] GC(26) Reclaimed 100 empty regions
[1.739s][info ][gc] GC(26) Pause Remark 252M->152M(256M) 0.908ms
[1.744s][info ][gc] GC(29) Pause Young (Normal) (G1 Evacuation Pause) 154M->143M(256M) 1.934ms
[1.759s][info ][gc] GC(26) Pause Cleanup 153M->153M(256M) 0.039ms
[1.760s][info ][gc] GC(26) Concurrent Mark Cycle 112.667ms
[1.827s][info ][gc] GC(30) Pause Young (Prepare Mixed) (G1 Evacuation Pause) 178M->179M(256M) 29.567ms
[1.880s][info ][gc] GC(31) Pause Young (Mixed) (G1 Evacuation Pause) 202M->201M(256M) 19.119ms
[1.917s][info ][gc] GC(32) Pause Young (Concurrent Start) (G1 Evacuation Pause) 217M->219M(256M) 14.267ms
[1.917s][info ][gc] GC(33) Concurrent Mark Cycle
[1.945s][info ][gc] GC(34) Pause Young (Normal) (G1 Evacuation Pause) 230M->231M(256M) 10.011ms
[1.970s][info ][gc] GC(35) Pause Young (Normal) (G1 Evacuation Pause) 241M->242M(256M) 8.355ms
[2.008s][debug][gc] GC(33) Reclaimed 94 empty regions
[2.009s][info ][gc] GC(33) Pause Remark 247M->153M(256M) 0.659ms
[2.022s][info ][gc] GC(36) Pause Young (Normal) (G1 Evacuation Pause) 158M->152M(256M) 4.190ms
[2.030s][info ][gc] GC(33) Pause Cleanup 158M->158M(256M) 0.028ms
[2.031s][info ][gc] GC(33) Concurrent Mark Cycle 113.658ms
[2.099s][info ][gc] GC(37) Pause Young (Prepare Mixed) (G1 Evacuation Pause) 184M->186M(256M) 28.339ms
[2.145s][info ][gc] GC(38) Pause Young (Mixed) (G1 Evacuation Pause) 207M->206M(256M) 17.458ms
[2.181s][info ][gc] GC(39) Pause Young (Concurrent Start) (G1 Evacuation Pause) 221M->223M(256M) 14.435ms
[2.181s][info ][gc] GC(40) Concurrent Mark Cycle
[2.207s][info ][gc] GC(41) Pause Young (Normal) (G1 Evacuation Pause) 233M->235M(256M) 9.292ms
[2.232s][info ][gc] GC(42) Pause Young (Normal) (G1 Evacuation Pause) (Evacuation Failure: Allocation) 245M->250M(256M) 9.142ms
[2.247s][info ][gc] GC(43) Pause Young (Normal) (G1 Evacuation Pause) (Evacuation Failure: Allocation) 254M->256M(256M) 7.458ms
[2.248s][debug][gc] GC(44) Clear Bitmap 0.439ms
[2.329s][info ][gc] GC(44) Pause Full (G1 Compaction Pause) 256M->134M(256M) 81.898ms
[2.329s][info ][gc] GC(40) Concurrent Mark Cycle 147.983ms
[2.420s][info ][gc] GC(45) Pause Young (Normal) (G1 Evacuation Pause) 171M->167M(256M) 32.364ms
[2.481s][info ][gc] GC(46) Pause Young (Concurrent Start) (G1 Evacuation Pause) 193M->195M(256M) 20.839ms
[2.481s][info ][gc] GC(47) Concurrent Mark Cycle
[2.525s][info ][gc] GC(48) Pause Young (Normal) (G1 Evacuation Pause) 213M->214M(256M) 14.853ms
[2.553s][info ][gc] GC(49) Pause Young (Normal) (G1 Evacuation Pause) 225M->227M(256M) 10.103ms
[2.560s][debug][gc] GC(47) Reclaimed 91 empty regions
[2.560s][info ][gc] GC(47) Pause Remark 231M->142M(256M) 0.663ms
[2.578s][info ][gc] GC(50) Pause Young (Normal) (G1 Evacuation Pause) 148M->150M(256M) 8.487ms
[2.591s][info ][gc] GC(47) Pause Cleanup 155M->155M(256M) 0.030ms
[2.592s][info ][gc] GC(47) Concurrent Mark Cycle 110.957ms
[2.659s][info ][gc] GC(51) Pause Young (Prepare Mixed) (G1 Evacuation Pause) 182M->178M(256M) 27.547ms
[2.713s][info ][gc] GC(52) Pause Young (Mixed) (G1 Evacuation Pause) 202M->201M(256M) 20.887ms
[2.749s][info ][gc] GC(53) Pause Young (Concurrent Start) (G1 Evacuation Pause) 217M->219M(256M) 13.943ms
[2.749s][info ][gc] GC(54) Concurrent Mark Cycle
[2.777s][info ][gc] GC(55) Pause Young (Normal) (G1 Evacuation Pause) 230M->231M(256M) 9.905ms
[2.802s][info ][gc] GC(56) Pause Young (Normal) (G1 Evacuation Pause) 241M->242M(256M) 8.608ms
[2.833s][info ][gc] GC(57) Pause Young (Normal) (G1 Evacuation Pause) (Evacuation Failure: Allocation) 252M->255M(256M) 14.667ms
[2.834s][debug][gc] GC(58) Clear Bitmap 0.410ms
[2.917s][info ][gc] GC(58) Pause Full (G1 Compaction Pause) 255M->136M(256M) 83.765ms
[2.917s][info ][gc] GC(54) Concurrent Mark Cycle 168.067ms
[3.015s][info ][gc] GC(59) Pause Young (Normal) (G1 Evacuation Pause) 173M->171M(256M) 39.166ms
[3.083s][info ][gc] GC(60) Pause Young (Concurrent Start) (G1 Evacuation Pause) 196M->198M(256M) 30.509ms
[3.083s][info ][gc] GC(61) Concurrent Mark Cycle
[3.123s][info ][gc] GC(62) Pause Young (Normal) (G1 Evacuation Pause) 214M->216M(256M) 13.420ms
[3.150s][info ][gc] GC(63) Pause Young (Normal) (G1 Evacuation Pause) 227M->228M(256M) 9.716ms
[3.163s][debug][gc] GC(61) Reclaimed 97 empty regions
[3.163s][info ][gc] GC(61) Pause Remark 235M->141M(256M) 0.687ms
[3.176s][info ][gc] GC(64) Pause Young (Normal) (G1 Evacuation Pause) 143M->144M(256M) 8.367ms
[3.191s][info ][gc] GC(61) Pause Cleanup 151M->151M(256M) 0.036ms
[3.192s][info ][gc] GC(61) Concurrent Mark Cycle 108.395ms
[3.263s][info ][gc] GC(65) Pause Young (Prepare Mixed) (G1 Evacuation Pause) 178M->173M(256M) 30.694ms
[3.323s][info ][gc] GC(66) Pause Young (Mixed) (G1 Evacuation Pause) 198M->198M(256M) 23.018ms
[3.363s][info ][gc] GC(67) Pause Young (Concurrent Start) (G1 Evacuation Pause) 215M->216M(256M) 14.655ms
[3.364s][info ][gc] GC(68) Concurrent Mark Cycle
[3.394s][info ][gc] GC(69) Pause Young (Normal) (G1 Evacuation Pause) 228M->229M(256M) 10.530ms
[3.419s][info ][gc] GC(70) Pause Young (Normal) (G1 Evacuation Pause) 239M->240M(256M) 8.608ms
[3.452s][debug][gc] GC(68) Reclaimed 100 empty regions
[3.452s][info ][gc] GC(68) Pause Remark 248M->148M(256M) 0.829ms
[3.462s][info ][gc] GC(71) Pause Young (Normal) (G1 Evacuation Pause) 150M->142M(256M) 3.232ms
[3.474s][info ][gc] GC(68) Pause Cleanup 150M->150M(256M) 0.032ms
[3.474s][info ][gc] GC(68) Concurrent Mark Cycle 110.559ms
[3.549s][info ][gc] GC(72) Pause Young (Prepare Mixed) (G1 Evacuation Pause) 177M->179M(256M) 34.861ms
[3.604s][info ][gc] GC(73) Pause Young (Mixed) (G1 Evacuation Pause) 202M->201M(256M) 21.104ms
[3.640s][info ][gc] GC(74) Pause Young (Concurrent Start) (G1 Evacuation Pause) 217M->219M(256M) 13.869ms
[3.640s][info ][gc] GC(75) Concurrent Mark Cycle
[3.669s][info ][gc] GC(76) Pause Young (Normal) (G1 Evacuation Pause) 230M->231M(256M) 9.906ms
[3.694s][info ][gc] GC(77) Pause Young (Normal) (G1 Evacuation Pause) 241M->242M(256M) 8.541ms
[3.736s][debug][gc] GC(75) Reclaimed 93 empty regions
[3.736s][info ][gc] GC(75) Pause Remark 246M->153M(256M) 0.899ms
[3.752s][info ][gc] GC(78) Pause Young (Normal) (G1 Evacuation Pause) 159M->155M(256M) 5.410ms
[3.762s][info ][gc] GC(75) Pause Cleanup 158M->158M(256M) 0.039ms
[3.763s][info ][gc] GC(75) Concurrent Mark Cycle 122.312ms
[3.836s][info ][gc] GC(79) Pause Young (Prepare Mixed) (G1 Evacuation Pause) 186M->187M(256M) 31.411ms
[3.884s][info ][gc] GC(80) Pause Young (Mixed) (G1 Evacuation Pause) 208M->207M(256M) 17.640ms
[3.919s][info ][gc] GC(81) Pause Young (Concurrent Start) (G1 Evacuation Pause) 222M->223M(256M) 13.202ms
[3.919s][info ][gc] GC(82) Concurrent Mark Cycle
[3.945s][info ][gc] GC(83) Pause Young (Normal) (G1 Evacuation Pause) 233M->235M(256M) 9.614ms
[3.971s][info ][gc] GC(84) Pause Young (Normal) (G1 Evacuation Pause) (Evacuation Failure: Allocation) 245M->251M(256M) 9.239ms
[3.981s][info ][gc] GC(85) Pause Young (Normal) (G1 Evacuation Pause) (Evacuation Failure: Allocation) 253M->255M(256M) 6.197ms
[3.981s][debug][gc] GC(86) Clear Bitmap 0.509ms
[4.066s][info ][gc] GC(86) Pause Full (G1 Compaction Pause) 255M->132M(256M) 85.228ms
[4.066s][info ][gc] GC(82) Concurrent Mark Cycle 147.286ms
[4.140s][info ][gc] GC(87) Pause Young (Normal) (G1 Evacuation Pause) 170M->159M(256M) 22.394ms
[4.213s][info ][gc] GC(88) Pause Young (Concurrent Start) (G1 Evacuation Pause) 188M->190M(256M) 29.737ms
[4.213s][info ][gc] GC(89) Concurrent Mark Cycle
[4.262s][info ][gc] GC(90) Pause Young (Normal) (G1 Evacuation Pause) 209M->210M(256M) 16.268ms
[4.273s][debug][gc] GC(89) Reclaimed 91 empty regions
[4.273s][info ][gc] GC(89) Pause Remark 217M->127M(256M) 0.648ms
[4.295s][info ][gc] GC(91) Pause Young (Normal) (G1 Evacuation Pause) 134M->136M(256M) 11.101ms
[4.301s][info ][gc] GC(89) Pause Cleanup 140M->140M(256M) 0.026ms
[4.302s][info ][gc] GC(89) Concurrent Mark Cycle 88.449ms
[4.374s][info ][gc] GC(92) Pause Young (Prepare Mixed) (G1 Evacuation Pause) 173M->157M(256M) 23.254ms
[4.447s][info ][gc] GC(93) Pause Young (Mixed) (G1 Evacuation Pause) 188M->187M(256M) 26.337ms
[4.495s][info ][gc] GC(94) Pause Young (Concurrent Start) (G1 Evacuation Pause) 208M->209M(256M) 17.715ms
[4.495s][info ][gc] GC(95) Concurrent Mark Cycle
[4.530s][info ][gc] GC(96) Pause Young (Normal) (G1 Evacuation Pause) 223M->225M(256M) 12.940ms
[4.554s][info ][gc] GC(97) Pause Young (Normal) (G1 Evacuation Pause) 234M->236M(256M) 8.530ms
[4.585s][debug][gc] GC(95) Reclaimed 90 empty regions
[4.585s][info ][gc] GC(95) Pause Remark 240M->150M(256M) 0.653ms
[4.600s][info ][gc] GC(98) Pause Young (Normal) (G1 Evacuation Pause) 156M->150M(256M) 4.786ms
[4.608s][info ][gc] GC(95) Pause Cleanup 155M->155M(256M) 0.030ms
[4.608s][info ][gc] GC(95) Concurrent Mark Cycle 113.379ms
