[0.012s][info][gc] Using G1
[0.013s][debug][gc] ConcGCThreads: 5 offset 42
[0.013s][debug][gc] ParallelGCThreads: 18
[0.013s][debug][gc] Initialize mark stack with 4096 chunks, maximum 536870912
[0.246s][info ][gc] GC(0) Pause Young (Normal) (G1 Evacuation Pause) 40M->36M(256M) 37.960ms
[0.296s][info ][gc] GC(1) Pause Young (Normal) (G1 Evacuation Pause) 64M->65M(256M) 21.581ms
[0.373s][info ][gc] GC(2) Pause Young (Normal) (G1 Evacuation Pause) 103M->103M(256M) 32.475ms
[0.407s][info ][gc] GC(3) Pause Young (Concurrent Start) (G1 Humongous Allocation) 116M->118M(256M) 13.564ms
[0.407s][info ][gc] GC(4) Concurrent Undo Cycle
[0.407s][info ][gc] GC(4) Concurrent Undo Cycle 0.230ms
[0.501s][info ][gc] GC(5) Pause Young (Normal) (G1 Evacuation Pause) 169M->170M(256M) 38.878ms
[0.513s][info ][gc] GC(6) Pause Young (Concurrent Start) (G1 Humongous Allocation) 174M->176M(256M) 6.860ms
[0.513s][info ][gc] GC(7) Concurrent Mark Cycle
[0.595s][debug][gc] GC(7) Reclaimed 50 empty regions
[0.595s][info ][gc] GC(7) Pause Remark 219M->169M(256M) 0.636ms
[0.618s][info ][gc] GC(7) Pause Cleanup 179M->179M(256M) 0.031ms
[0.619s][info ][gc] GC(7) Concurrent Mark Cycle 105.213ms
[0.654s][info ][gc] GC(8) Pause Young (Prepare Mixed) (G1 Evacuation Pause) 187M->182M(256M) 24.314ms
[0.707s][info ][gc] GC(9) Pause Young (Mixed) (G1 Evacuation Pause) 205M->205M(256M) 18.194ms
[0.749s][info ][gc] GC(10) Pause Young (Concurrent Start) (G1 Evacuation Pause) 220M->222M(256M) 13.999ms
[0.749s][info ][gc] GC(11) Concurrent Mark Cycle
[0.779s][info ][gc] GC(12) Pause Young (Normal) (G1 Evacuation Pause) 232M->234M(256M) 9.390ms
[0.806s][info ][gc] GC(13) Pause Young (Normal) (G1 Evacuation Pause) (Evacuation Failure: Allocation) 244M->246M(256M) 8.139ms
[0.814s][debug][gc] GC(11) Reclaimed 107 empty regions
[0.814s][info ][gc] GC(11) Pause Remark 249M->142M(256M) 0.685ms
[0.828s][info ][gc] GC(14) Pause Young (Normal) (G1 Evacuation Pause) 147M->146M(256M) 7.084ms
[0.838s][info ][gc] GC(11) Pause Cleanup 152M->152M(256M) 0.028ms
[0.839s][info ][gc] GC(11) Concurrent Mark Cycle 89.626ms
[0.911s][info ][gc] GC(15) Pause Young (Prepare Mixed) (G1 Evacuation Pause) 181M->163M(256M) 17.029ms
[0.992s][info ][gc] GC(16) Pause Young (Mixed) (G1 Evacuation Pause) 194M->188M(256M) 30.533ms
[1.043s][info ][gc] GC(17) Pause Young (Concurrent Start) (G1 Evacuation Pause) 209M->211M(256M) 17.616ms
[1.043s][info ][gc] GC(18) Concurrent Mark Cycle
[1.078s][info ][gc] GC(19) Pause Young (Normal) (G1 Evacuation Pause) 224M->225M(256M) 12.390ms
[1.102s][info ][gc] GC(20) Pause Young (Normal) (G1 Evacuation Pause) 234M->236M(256M) 8.404ms
[1.122s][debug][gc] GC(18) Reclaimed 90 empty regions
[1.122s][info ][gc] GC(18) Pause Remark 245M->155M(256M) 0.599ms
[1.132s][info ][gc] GC(21) Pause Young (Normal) (G1 Evacuation Pause) 156M->146M(256M) 1.782ms
[1.140s][info ][gc] GC(18) Pause Cleanup 150M->150M(256M) 0.026ms
[1.140s][info ][gc] GC(18) Concurrent Mark Cycle 96.813ms
[1.215s][info ][gc] GC(22) Pause Young (Prepare Mixed) (G1 Evacuation Pause) 182M->183M(256M) 24.548ms
[1.269s][info ][gc] GC(23) Pause Young (Mixed) (G1 Evacuation Pause) 205M->205M(256M) 17.927ms
[1.307s][info ][gc] GC(24) Pause Young (Concurrent Start) (G1 Evacuation Pause) 220M->221M(256M) 13.676ms
[1.307s][info ][gc] GC(25) Concurrent Mark Cycle
[1.334s][info ][gc] GC(26) Pause Young (Normal) (G1 Evacuation Pause) 231M->233M(256M) 8.949ms
[1.359s][info ][gc] GC(27) Pause Young (Normal) (G1 Evacuation Pause) 243M->243M(256M) 8.227ms
[1.385s][debug][gc] GC(25) Reclaimed 93 empty regions
[1.385s][info ][gc] GC(25) Pause Remark 250M->157M(256M) 0.612ms
[1.398s][info ][gc] GC(28) Pause Young (Normal) (G1 Evacuation Pause) 160M->153M(256M) 3.211ms
[1.404s][info ][gc] GC(25) Pause Cleanup 156M->156M(256M) 0.025ms
[1.405s][info ][gc] GC(25) Concurrent Mark Cycle 98.124ms
[1.473s][info ][gc] GC(29) Pause Young (Prepare Mixed) (G1 Evacuation Pause) 185M->185M(256M) 23.261ms
[1.525s][info ][gc] GC(30) Pause Young (Mixed) (G1 Evacuation Pause) 206M->205M(256M) 17.236ms
[1.563s][info ][gc] GC(31) Pause Young (Concurrent Start) (G1 Evacuation Pause) 220M->222M(256M) 13.170ms
[1.563s][info ][gc] GC(32) Concurrent Mark Cycle
[1.590s][info ][gc] GC(33) Pause Young (Normal) (G1 Evacuation Pause) 232M->233M(256M) 9.390ms
[1.615s][info ][gc] GC(34) Pause Young (Normal) (G1 Evacuation Pause) (Evacuation Failure: Allocation) 243M->246M(256M) 8.451ms
[1.639s][info ][gc] GC(35) Pause Young (Normal) (G1 Evacuation Pause) (Evacuation Failure: Allocation) 254M->256M(256M) 10.301ms
[1.640s][debug][gc] GC(36) Clear Bitmap 0.360ms
[1.720s][info ][gc] GC(36) Pause Full (G1 Compaction Pause) 256M->136M(256M) 81.306ms
[1.720s][info ][gc] GC(32) Concurrent Mark Cycle 157.171ms
[1.813s][info ][gc] GC(37) Pause Young (Normal) (G1 Evacuation Pause) 173M->172M(256M) 30.411ms
[1.882s][info ][gc] GC(38) Pause Young (Concurrent Start) (G1 Evacuation Pause) 197M->198M(256M) 26.822ms
[1.882s][info ][gc] GC(39) Concurrent Mark Cycle
[1.924s][info ][gc] GC(40) Pause Young (Normal) (G1 Evacuation Pause) 215M->216M(256M) 13.724ms
[1.952s][info ][gc] GC(41) Pause Young (Normal) (G1 Evacuation Pause) 227M->229M(256M) 9.349ms
[1.955s][debug][gc] GC(39) Reclaimed 93 empty regions
[1.955s][info ][gc] GC(39) Pause Remark 231M->140M(256M) 0.597ms
[1.977s][info ][gc] GC(42) Pause Young (Normal) (G1 Evacuation Pause) 148M->149M(256M) 8.115ms
[1.984s][info ][gc] GC(39) Pause Cleanup 153M->153M(256M) 0.029ms
[1.985s][info ][gc] GC(39) Concurrent Mark Cycle 102.538ms
[2.064s][info ][gc] GC(43) Pause Young (Prepare Mixed) (G1 Evacuation Pause) 182M->178M(256M) 28.770ms
[2.118s][info ][gc] GC(44) Pause Young (Mixed) (G1 Evacuation Pause) 202M->201M(256M) 19.127ms
[2.155s][info ][gc] GC(45) Pause Young (Concurrent Start) (G1 Evacuation Pause) 217M->219M(256M) 13.328ms
[2.155s][info ][gc] GC(46) Concurrent Mark Cycle
[2.183s][info ][gc] GC(47) Pause Young (Normal) (G1 Evacuation Pause) 230M->231M(256M) 9.820ms
[2.221s][info ][gc] GC(48) Pause Young (Normal) (G1 Evacuation Pause) 241M->242M(256M) 8.082ms
[2.238s][debug][gc] GC(46) Reclaimed 101 empty regions
[2.238s][info ][gc] GC(46) Pause Remark 252M->151M(256M) 0.713ms
[2.247s][info ][gc] GC(49) Pause Young (Normal) (G1 Evacuation Pause) 151M->152M(256M) 8.085ms
[2.264s][info ][gc] GC(46) Pause Cleanup 157M->157M(256M) 0.030ms
[2.265s][info ][gc] GC(46) Concurrent Mark Cycle 109.744ms
[2.337s][info ][gc] GC(50) Pause Young (Prepare Mixed) (G1 Evacuation Pause) 184M->183M(256M) 28.610ms
[2.388s][info ][gc] GC(51) Pause Young (Mixed) (G1 Evacuation Pause) 205M->204M(256M) 17.667ms
[2.426s][info ][gc] GC(52) Pause Young (Concurrent Start) (G1 Evacuation Pause) 219M->221M(256M) 13.614ms
[2.426s][info ][gc] GC(53) Concurrent Mark Cycle
[2.452s][info ][gc] GC(54) Pause Young (Normal) (G1 Evacuation Pause) 231M->232M(256M) 9.321ms
[2.477s][info ][gc] GC(55) Pause Young (Normal) (G1 Evacuation Pause) 242M->243M(256M) 8.442ms
[2.506s][info ][gc] GC(56) Pause Young (Normal) (G1 Evacuation Pause) (Evacuation Failure: Allocation) 253M->255M(256M) 11.952ms
[2.506s][debug][gc] GC(57) Clear Bitmap 0.363ms
[2.588s][info ][gc] GC(57) Pause Full (G1 Compaction Pause) 255M->135M(256M) 82.251ms
[2.588s][info ][gc] GC(53) Concurrent Mark Cycle 162.537ms
[2.676s][info ][gc] GC(58) Pause Young (Normal) (G1 Evacuation Pause) 172M->170M(256M) 26.649ms
[2.751s][info ][gc] GC(59) Pause Young (Concurrent Start) (G1 Evacuation Pause) 196M->198M(256M) 31.499ms
[2.752s][info ][gc] GC(60) Concurrent Mark Cycle
[2.794s][info ][gc] GC(61) Pause Young (Normal) (G1 Evacuation Pause) 215M->216M(256M) 14.096ms
[2.822s][info ][gc] GC(62) Pause Young (Normal) (G1 Evacuation Pause) 227M->229M(256M) 9.520ms
[2.828s][debug][gc] GC(60) Reclaimed 95 empty regions
[2.828s][info ][gc] GC(60) Pause Remark 233M->140M(256M) 0.628ms
[2.847s][info ][gc] GC(63) Pause Young (Normal) (G1 Evacuation Pause) 146M->147M(256M) 8.180ms
[2.856s][info ][gc] GC(60) Pause Cleanup 151M->151M(256M) 0.027ms
[2.857s][info ][gc] GC(60) Concurrent Mark Cycle 105.408ms
[2.933s][info ][gc] GC(64) Pause Young (Prepare Mixed) (G1 Evacuation Pause) 180M->177M(256M) 29.116ms
[2.990s][info ][gc] GC(65) Pause Young (Mixed) (G1 Evacuation Pause) 201M->200M(256M) 18.822ms
[3.029s][info ][gc] GC(66) Pause Young (Concurrent Start) (G1 Evacuation Pause) 217M->219M(256M) 13.862ms
[3.029s][info ][gc] GC(67) Concurrent Mark Cycle
[3.057s][info ][gc] GC(68) Pause Young (Normal) (G1 Evacuation Pause) 230M->232M(256M) 9.393ms
[3.082s][info ][gc] GC(69) Pause Young (Normal) (G1 Evacuation Pause) 242M->243M(256M) 8.304ms
[3.118s][debug][gc] GC(67) Reclaimed 103 empty regions
[3.119s][info ][gc] GC(67) Pause Remark 253M->150M(256M) 0.648ms
[3.124s][info ][gc] GC(70) Pause Young (Normal) (G1 Evacuation Pause) 150M->139M(256M) 1.496ms
[3.137s][info ][gc] GC(67) Pause Cleanup 148M->148M(256M) 0.028ms
[3.138s][info ][gc] GC(67) Concurrent Mark Cycle 108.935ms
[3.216s][info ][gc] GC(71) Pause Young (Prepare Mixed) (G1 Evacuation Pause) 176M->178M(256M) 33.396ms
[3.281s][info ][gc] GC(72) Pause Young (Mixed) (G1 Evacuation Pause) 202M->202M(256M) 26.517ms
[3.321s][info ][gc] GC(73) Pause Young (Concurrent Start) (G1 Evacuation Pause) 218M->219M(256M) 15.733ms
[3.321s][info ][gc] GC(74) Concurrent Mark Cycle
[3.350s][info ][gc] GC(75) Pause Young (Normal) (G1 Evacuation Pause) 230M->232M(256M) 10.208ms
[3.375s][info ][gc] GC(76) Pause Young (Normal) (G1 Evacuation Pause) 242M->243M(256M) 8.247ms
[3.417s][debug][gc] GC(74) Reclaimed 93 empty regions
[3.417s][info ][gc] GC(74) Pause Remark 245M->152M(256M) 0.759ms
[3.437s][info ][gc] GC(77) Pause Young (Normal) (G1 Evacuation Pause) 160M->157M(256M) 5.986ms
[3.442s][info ][gc] GC(74) Pause Cleanup 160M->160M(256M) 0.026ms
[3.442s][info ][gc] GC(74) Concurrent Mark Cycle 120.985ms
[3.508s][info ][gc] GC(78) Pause Young (Prepare Mixed) (G1 Evacuation Pause) 187M->188M(256M) 23.194ms
[3.558s][info ][gc] GC(79) Pause Young (Mixed) (G1 Evacuation Pause) 208M->208M(256M) 17.586ms
[3.594s][info ][gc] GC(80) Pause Young (Concurrent Start) (G1 Evacuation Pause) 222M->223M(256M) 12.152ms
[3.594s][info ][gc] GC(81) Concurrent Mark Cycle
[3.623s][info ][gc] GC(82) Pause Young (Normal) (G1 Evacuation Pause) 233M->234M(256M) 8.969ms
[3.649s][info ][gc] GC(83) Pause Young (Normal) (G1 Evacuation Pause) (Evacuation Failure: Allocation) 244M->249M(256M) 8.637ms
[3.663s][info ][gc] GC(84) Pause Young (Normal) (G1 Evacuation Pause) (Evacuation Failure: Allocation) 253M->254M(256M) 6.876ms
[3.663s][debug][gc] GC(85) Clear Bitmap 0.404ms
[3.753s][info ][gc] GC(85) Pause Full (G1 Compaction Pause) 254M->132M(256M) 89.999ms
[3.753s][info ][gc] GC(81) Concurrent Mark Cycle 158.936ms
[3.857s][info ][gc] GC(86) Pause Young (Normal) (G1 Evacuation Pause) 170M->165M(256M) 32.784ms
[3.923s][info ][gc] GC(87) Pause Young (Concurrent Start) (G1 Evacuation Pause) 192M->193M(256M) 21.437ms
[3.923s][info ][gc] GC(88) Concurrent Mark Cycle
[3.967s][info ][gc] GC(89) Pause Young (Normal) (G1 Evacuation Pause) 211M->214M(256M) 14.561ms
[3.980s][debug][gc] GC(88) Reclaimed 92 empty regions
[3.980s][info ][gc] GC(88) Pause Remark 222M->132M(256M) 0.670ms
[3.998s][info ][gc] GC(90) Pause Young (Normal) (G1 Evacuation Pause) 136M->137M(256M) 10.143ms
[4.009s][info ][gc] GC(88) Pause Cleanup 143M->143M(256M) 0.027ms
[4.009s][info ][gc] GC(88) Concurrent Mark Cycle 86.452ms
[4.084s][info ][gc] GC(91) Pause Young (Prepare Mixed) (G1 Evacuation Pause) 173M->161M(256M) 22.221ms
[4.163s][info ][gc] GC(92) Pause Young (Mixed) (G1 Evacuation Pause) 190M->190M(256M) 31.019ms
[4.214s][info ][gc] GC(93) Pause Young (Concurrent Start) (G1 Evacuation Pause) 210M->212M(256M) 17.676ms
[4.214s][info ][gc] GC(94) Concurrent Mark Cycle
[4.248s][info ][gc] GC(95) Pause Young (Normal) (G1 Evacuation Pause) 225M->226M(256M) 11.657ms
[4.271s][info ][gc] GC(96) Pause Young (Normal) (G1 Evacuation Pause) 235M->236M(256M) 8.490ms
[4.298s][debug][gc] GC(94) Reclaimed 93 empty regions
[4.298s][info ][gc] GC(94) Pause Remark 242M->149M(256M) 0.701ms
[4.314s][info ][gc] GC(97) Pause Young (Normal) (G1 Evacuation Pause) 153M->145M(256M) 3.916ms
[4.321s][info ][gc] GC(94) Pause Cleanup 150M->150M(256M) 0.028ms
[4.322s][info ][gc] GC(94) Concurrent Mark Cycle 107.745ms
[4.401s][info ][gc] GC(98) Pause Young (Prepare Mixed) (G1 Evacuation Pause) 179M->180M(256M) 32.866ms
[4.458s][info ][gc] GC(99) Pause Young (Mixed) (G1 Evacuation Pause) 203M->202M(256M) 19.995ms
[4.495s][info ][gc] GC(100) Pause Young (Concurrent Start) (G1 Evacuation Pause) 218M->219M(256M) 13.665ms
[4.495s][info ][gc] GC(101) Concurrent Mark Cycle
[4.524s][info ][gc] GC(102) Pause Young (Normal) (G1 Evacuation Pause) 230M->232M(256M) 10.120ms
[4.549s][info ][gc] GC(103) Pause Young (Normal) (G1 Evacuation Pause) 242M->243M(256M) 8.390ms
[4.591s][debug][gc] GC(101) Reclaimed 98 empty regions
[4.591s][info ][gc] GC(101) Pause Remark 246M->148M(256M) 0.922ms
[4.610s][info ][gc] GC(104) Pause Young (Normal) (G1 Evacuation Pause) 155M->151M(256M) 5.679ms
[4.617s][info ][gc] GC(101) Pause Cleanup 155M->155M(256M) 0.038ms
[4.617s][info ][gc] GC(101) Concurrent Mark Cycle 122.329ms
