[0.013s][info][gc] Using G1
[0.013s][debug][gc] ConcGCThreads: 5 offset 42
[0.013s][debug][gc] ParallelGCThreads: 18
[0.013s][debug][gc] Initialize mark stack with 4096 chunks, maximum 536870912
[0.387s][info ][gc] GC(0) Pause Young (Normal) (G1 Evacuation Pause) 101M->96M(1024M) 62.297ms
[0.502s][info ][gc] GC(1) Pause Young (Normal) (G1 Evacuation Pause) 164M->168M(1024M) 37.478ms
[0.632s][info ][gc] GC(2) Pause Young (Normal) (G1 Evacuation Pause) 248M->245M(1024M) 26.130ms
[0.735s][info ][gc] GC(3) Pause Young (Normal) (G1 Evacuation Pause) 289M->293M(1024M) 28.438ms
[0.825s][info ][gc] GC(4) Pause Young (Normal) (G1 Evacuation Pause) 337M->306M(1024M) 13.210ms
[0.915s][info ][gc] GC(5) Pause Young (Normal) (G1 Evacuation Pause) 350M->354M(1024M) 23.418ms
[1.017s][info ][gc] GC(6) Pause Young (Normal) (G1 Evacuation Pause) 405M->362M(1024M) 10.150ms
[1.185s][info ][gc] GC(7) Pause Young (Normal) (G1 Evacuation Pause) 433M->439M(1024M) 39.857ms
[1.348s][info ][gc] GC(8) Pause Young (Normal) (G1 Evacuation Pause) 513M->489M(1024M) 32.624ms
[1.571s][info ][gc] GC(9) Pause Young (Concurrent Start) (G1 Evacuation Pause) 604M->551M(1024M) 39.333ms
[1.571s][info ][gc] GC(10) Concurrent Mark Cycle
[1.597s][debug][gc] GC(10) Reclaimed 422 empty regions
[1.597s][info ][gc] GC(10) Pause Remark 567M->145M(1024M) 1.094ms
[1.613s][info ][gc] GC(10) Pause Cleanup 156M->156M(1024M) 0.042ms
[1.615s][info ][gc] GC(10) Concurrent Mark Cycle 44.240ms
[1.793s][info ][gc] GC(11) Pause Young (Prepare Mixed) (G1 Evacuation Pause) 267M->121M(1024M) 9.966ms
[2.149s][info ][gc] GC(12) Pause Young (Mixed) (G1 Evacuation Pause) 341M->137M(1024M) 21.138ms
[2.485s][info ][gc] GC(13) Pause Young (Normal) (G1 Evacuation Pause) 361M->159M(1024M) 29.519ms
[2.969s][info ][gc] GC(14) Pause Young (Normal) (G1 Evacuation Pause) 467M->181M(1024M) 34.229ms
