[0.013s][info][gc] Using G1
[0.014s][debug][gc] ConcGCThreads: 5 offset 42
[0.014s][debug][gc] ParallelGCThreads: 18
[0.014s][debug][gc] Initialize mark stack with 4096 chunks, maximum 536870912
[0.346s][info ][gc] GC(0) Pause Young (Normal) (G1 Evacuation Pause) 101M->97M(1024M) 55.400ms
[0.467s][info ][gc] GC(1) Pause Young (Normal) (G1 Evacuation Pause) 165M->168M(1024M) 37.846ms
[0.602s][info ][gc] GC(2) Pause Young (Normal) (G1 Evacuation Pause) 248M->245M(1024M) 31.112ms
[0.708s][info ][gc] GC(3) Pause Young (Normal) (G1 Evacuation Pause) 289M->292M(1024M) 26.828ms
[0.799s][info ][gc] GC(4) Pause Young (Normal) (G1 Evacuation Pause) 336M->307M(1024M) 10.736ms
[0.893s][info ][gc] GC(5) Pause Young (Normal) (G1 Evacuation Pause) 351M->355M(1024M) 22.337ms
[0.988s][info ][gc] GC(6) Pause Young (Normal) (G1 Evacuation Pause) 406M->363M(1024M) 8.511ms
[1.157s][info ][gc] GC(7) Pause Young (Normal) (G1 Evacuation Pause) 435M->439M(1024M) 49.775ms
[1.309s][info ][gc] GC(8) Pause Young (Normal) (G1 Evacuation Pause) 513M->489M(1024M) 28.997ms
[1.547s][info ][gc] GC(9) Pause Young (Concurrent Start) (G1 Evacuation Pause) 607M->557M(1024M) 40.310ms
[1.547s][info ][gc] GC(10) Concurrent Mark Cycle
[1.572s][debug][gc] GC(10) Reclaimed 419 empty regions
[1.572s][info ][gc] GC(10) Pause Remark 572M->153M(1024M) 1.135ms
[1.589s][info ][gc] GC(10) Pause Cleanup 163M->163M(1024M) 0.039ms
[1.591s][info ][gc] GC(10) Concurrent Mark Cycle 44.299ms
[1.771s][info ][gc] GC(11) Pause Young (Prepare Mixed) (G1 Evacuation Pause) 273M->129M(1024M) 10.387ms
[2.147s][info ][gc] GC(12) Pause Young (Mixed) (G1 Evacuation Pause) 349M->146M(1024M) 22.065ms
[2.500s][info ][gc] GC(13) Pause Young (Normal) (G1 Evacuation Pause) 367M->164M(1024M) 28.545ms
[3.011s][info ][gc] GC(14) Pause Young (Normal) (G1 Evacuation Pause) 475M->188M(1024M) 31.726ms
