[0.015s][info][gc] Using G1
[0.016s][debug][gc] ConcGCThreads: 5 offset 42
[0.016s][debug][gc] ParallelGCThreads: 18
[0.016s][debug][gc] Initialize mark stack with 4096 chunks, maximum 536870912
[0.412s][info ][gc] GC(0) Pause Young (Normal) (G1 Evacuation Pause) 101M->97M(1024M) 59.066ms
[0.528s][info ][gc] GC(1) Pause Young (Normal) (G1 Evacuation Pause) 165M->169M(1024M) 39.343ms
[0.664s][info ][gc] GC(2) Pause Young (Normal) (G1 Evacuation Pause) 249M->246M(1024M) 30.266ms
[0.765s][info ][gc] GC(3) Pause Young (Normal) (G1 Evacuation Pause) 290M->293M(1024M) 25.692ms
[0.864s][info ][gc] GC(4) Pause Young (Normal) (G1 Evacuation Pause) 337M->307M(1292M) 16.778ms
[1.034s][info ][gc] GC(5) Pause Young (Normal) (G1 Evacuation Pause) 364M->367M(1292M) 37.079ms
[1.145s][info ][gc] GC(6) Pause Young (Normal) (G1 Evacuation Pause) 423M->392M(1292M) 18.020ms
[1.271s][info ][gc] GC(7) Pause Young (Normal) (G1 Evacuation Pause) 463M->385M(1292M) 3.470ms
[1.516s][info ][gc] GC(8) Pause Young (Normal) (G1 Evacuation Pause) 497M->396M(1292M) 11.620ms
[1.811s][info ][gc] GC(9) Pause Young (Normal) (G1 Evacuation Pause) 545M->445M(1292M) 40.332ms
[2.108s][info ][gc] GC(10) Pause Young (Normal) (G1 Evacuation Pause) 616M->455M(1444M) 23.404ms
[2.567s][info ][gc] GC(11) Pause Young (Normal) (G1 Evacuation Pause) 695M->501M(1444M) 37.469ms
[3.062s][info ][gc] GC(12) Pause Young (Normal) (G1 Evacuation Pause) 776M->512M(1444M) 24.452ms
