[0.013s][info][gc] Using G1
[0.014s][debug][gc] ConcGCThreads: 5 offset 42
[0.014s][debug][gc] ParallelGCThreads: 18
[0.014s][debug][gc] Initialize mark stack with 4096 chunks, maximum 536870912
[0.363s][info ][gc] GC(0) Pause Young (Normal) (G1 Evacuation Pause) 101M->97M(1024M) 56.418ms
[0.479s][info ][gc] GC(1) Pause Young (Normal) (G1 Evacuation Pause) 165M->168M(1024M) 39.213ms
[0.613s][info ][gc] GC(2) Pause Young (Normal) (G1 Evacuation Pause) 248M->244M(1024M) 27.832ms
[0.717s][info ][gc] GC(3) Pause Young (Normal) (G1 Evacuation Pause) 288M->293M(1024M) 28.495ms
[0.813s][info ][gc] GC(4) Pause Young (Normal) (G1 Evacuation Pause) 337M->307M(1298M) 14.392ms
[0.960s][info ][gc] GC(5) Pause Young (Normal) (G1 Evacuation Pause) 364M->368M(1298M) 32.340ms
[1.076s][info ][gc] GC(6) Pause Young (Normal) (G1 Evacuation Pause) 424M->393M(1298M) 21.769ms
[1.211s][info ][gc] GC(7) Pause Young (Normal) (G1 Evacuation Pause) 468M->389M(1298M) 6.034ms
[1.423s][info ][gc] GC(8) Pause Young (Normal) (G1 Evacuation Pause) 502M->402M(1298M) 14.027ms
[1.697s][info ][gc] GC(9) Pause Young (Normal) (G1 Evacuation Pause) 553M->455M(1298M) 40.636ms
[1.993s][info ][gc] GC(10) Pause Young (Normal) (G1 Evacuation Pause) 630M->477M(1448M) 28.735ms
[2.450s][info ][gc] GC(11) Pause Young (Normal) (G1 Evacuation Pause) 716M->533M(1448M) 46.621ms
[2.878s][info ][gc] GC(12) Pause Young (Normal) (G1 Evacuation Pause) 802M->548M(1448M) 30.997ms
