[0.012s][info][gc] Using G1
[0.013s][debug][gc] ConcGCThreads: 5 offset 42
[0.013s][debug][gc] ParallelGCThreads: 18
[0.013s][debug][gc] Initialize mark stack with 4096 chunks, maximum 536870912
[0.252s][info ][gc] GC(0) Pause Young (Normal) (G1 Evacuation Pause) 41M->36M(512M) 25.186ms
[0.316s][info ][gc] GC(1) Pause Young (Normal) (G1 Evacuation Pause) 75M->77M(512M) 18.928ms
[0.377s][info ][gc] GC(2) Pause Young (Normal) (G1 Evacuation Pause) 114M->115M(512M) 18.541ms
[0.458s][info ][gc] GC(3) Pause Young (Normal) (G1 Evacuation Pause) 166M->169M(512M) 26.008ms
[0.545s][info ][gc] GC(4) Pause Young (Normal) (G1 Evacuation Pause) 226M->221M(512M) 14.252ms
[0.636s][info ][gc] GC(5) Pause Young (Normal) (G1 Evacuation Pause) 260M->264M(512M) 27.673ms
[0.760s][info ][gc] GC(6) Pause Young (Concurrent Start) (G1 Evacuation Pause) 315M->318M(512M) 33.263ms
[0.760s][info ][gc] GC(7) Concurrent Mark Cycle
[0.816s][debug][gc] GC(7) Reclaimed 154 empty regions
[0.816s][info ][gc] GC(7) Pause Remark 323M->169M(512M) 0.886ms
[0.834s][info ][gc] GC(7) Pause Cleanup 177M->177M(512M) 0.040ms
[0.836s][info ][gc] GC(7) Concurrent Mark Cycle 75.347ms
[0.942s][info ][gc] GC(8) Pause Young (Prepare Mixed) (G1 Evacuation Pause) 223M->214M(512M) 31.514ms
[1.118s][info ][gc] GC(9) Pause Young (Mixed) (G1 Evacuation Pause) 298M->244M(512M) 29.102ms
[1.329s][info ][gc] GC(10) Pause Young (Mixed) (G1 Evacuation Pause) 341M->267M(512M) 27.758ms
[1.519s][info ][gc] GC(11) Pause Young (Mixed) (G1 Evacuation Pause) 370M->289M(512M) 20.835ms
[1.726s][info ][gc] GC(12) Pause Young (Concurrent Start) (G1 Evacuation Pause) 388M->311M(512M) 20.685ms
[1.726s][info ][gc] GC(13) Concurrent Mark Cycle
[1.743s][debug][gc] GC(13) Reclaimed 217 empty regions
[1.743s][info ][gc] GC(13) Pause Remark 319M->102M(512M) 1.041ms
[1.753s][info ][gc] GC(13) Pause Cleanup 107M->107M(512M) 0.035ms
[1.754s][info ][gc] GC(13) Concurrent Mark Cycle 27.614ms
[1.904s][info ][gc] GC(14) Pause Young (Prepare Mixed) (G1 Evacuation Pause) 186M->107M(512M) 20.259ms
[2.313s][info ][gc] GC(15) Pause Young (Mixed) (G1 Evacuation Pause) 340M->150M(512M) 36.408ms
[2.592s][info ][gc] GC(16) Pause Young (Normal) (G1 Evacuation Pause) 320M->146M(512M) 20.353ms
[2.966s][info ][gc] GC(17) Pause Young (Normal) (G1 Evacuation Pause) 343M->143M(512M) 16.851ms
