[0.018s][info][gc] Using G1
[0.018s][debug][gc] ConcGCThreads: 5 offset 42
[0.018s][debug][gc] ParallelGCThreads: 18
[0.019s][debug][gc] Initialize mark stack with 4096 chunks, maximum 536870912
[0.285s][info ][gc] GC(0) Pause Young (Normal) (G1 Evacuation Pause) 41M->36M(512M) 29.464ms
[0.358s][info ][gc] GC(1) Pause Young (Normal) (G1 Evacuation Pause) 75M->77M(512M) 28.204ms
[0.426s][info ][gc] GC(2) Pause Young (Normal) (G1 Evacuation Pause) 114M->116M(512M) 28.930ms
[0.506s][info ][gc] GC(3) Pause Young (Normal) (G1 Evacuation Pause) 165M->167M(512M) 23.839ms
[0.594s][info ][gc] GC(4) Pause Young (Normal) (G1 Evacuation Pause) 224M->220M(512M) 16.765ms
[0.684s][info ][gc] GC(5) Pause Young (Normal) (G1 Evacuation Pause) 259M->261M(512M) 26.015ms
[0.798s][info ][gc] GC(6) Pause Young (Concurrent Start) (G1 Evacuation Pause) 309M->312M(512M) 28.990ms
[0.798s][info ][gc] GC(7) Concurrent Mark Cycle
[0.851s][debug][gc] GC(7) Reclaimed 156 empty regions
[0.851s][info ][gc] GC(7) Pause Remark 321M->165M(512M) 0.886ms
[0.868s][info ][gc] GC(7) Pause Cleanup 174M->174M(512M) 0.034ms
[0.869s][info ][gc] GC(7) Concurrent Mark Cycle 70.953ms
[0.971s][info ][gc] GC(8) Pause Young (Prepare Mixed) (G1 Evacuation Pause) 213M->199M(512M) 30.469ms
[1.179s][info ][gc] GC(9) Pause Young (Mixed) (G1 Evacuation Pause) 290M->231M(512M) 27.011ms
[1.352s][info ][gc] GC(10) Pause Young (Mixed) (G1 Evacuation Pause) 322M->247M(512M) 22.999ms
[1.573s][info ][gc] GC(11) Pause Young (Mixed) (G1 Evacuation Pause) 370M->287M(512M) 27.334ms
[1.746s][info ][gc] GC(12) Pause Young (Mixed) (G1 Evacuation Pause) 383M->315M(512M) 30.272ms
[1.888s][info ][gc] GC(13) Pause Young (Concurrent Start) (G1 Evacuation Pause) 395M->327M(512M) 17.580ms
[1.888s][info ][gc] GC(14) Concurrent Mark Cycle
[1.903s][debug][gc] GC(14) Reclaimed 249 empty regions
[1.903s][info ][gc] GC(14) Pause Remark 336M->87M(512M) 0.991ms
[1.911s][info ][gc] GC(14) Pause Cleanup 92M->92M(512M) 0.031ms
[1.911s][info ][gc] GC(14) Concurrent Mark Cycle 23.390ms
[2.031s][info ][gc] GC(15) Pause Young (Prepare Mixed) (G1 Evacuation Pause) 158M->71M(512M) 6.064ms
[2.479s][info ][gc] GC(16) Pause Young (Mixed) (G1 Evacuation Pause) 332M->128M(512M) 34.274ms
[2.783s][info ][gc] GC(17) Pause Young (Normal) (G1 Evacuation Pause) 313M->143M(512M) 29.420ms
[3.096s][info ][gc] GC(18) Pause Young (Normal) (G1 Evacuation Pause) 336M->155M(512M) 29.811ms
